---
source: clean-slate/src/spanned_word.rs
expression: "Motion::parse(\"G0\".into())"

---
Ok(
    (
        LocatedSpan {
            offset: 2,
            line: 1,
            fragment: "",
            extra: (),
        },
        Rapid,
    ),
)
